// Jest Snapshot v1, https://goo.gl/fbAQLP

exports[`MetaList Renders component correctly 1`] = `
ShallowWrapper {
  "length": 1,
  Symbol(enzyme.__root__): [Circular],
  Symbol(enzyme.__unrendered__): <MetaList
    className="test"
    listItems={
      Array [
        Object {
          "text": "Side Nav Link",
          "to": "#",
        },
        Object {
          "text": "Side Nav Link",
          "to": "#",
        },
        Object {
          "text": "Side Nav Link",
          "to": "#",
        },
      ]
    }
    modifiers={
      Array [
        "arrows",
        "hover",
      ]
    }
  />,
  Symbol(enzyme.__renderer__): Object {
    "batchedUpdates": [Function],
    "getNode": [Function],
    "render": [Function],
    "simulateEvent": [Function],
    "unmount": [Function],
  },
  Symbol(enzyme.__node__): Object {
    "instance": null,
    "key": undefined,
    "nodeType": "host",
    "props": Object {
      "children": Array [
        <li
          className="list__item"
        >
          <Link
            replace={false}
            to="#"
          >
            Side Nav Link
          </Link>
        </li>,
        <li
          className="list__item"
        >
          <Link
            replace={false}
            to="#"
          >
            Side Nav Link
          </Link>
        </li>,
        <li
          className="list__item"
        >
          <Link
            replace={false}
            to="#"
          >
            Side Nav Link
          </Link>
        </li>,
      ],
      "className": "test list list--arrows list--hover",
    },
    "ref": null,
    "rendered": Array [
      Object {
        "instance": null,
        "key": "0",
        "nodeType": "host",
        "props": Object {
          "children": <Link
            replace={false}
            to="#"
          >
            Side Nav Link
          </Link>,
          "className": "list__item",
        },
        "ref": null,
        "rendered": Object {
          "instance": null,
          "key": undefined,
          "nodeType": "class",
          "props": Object {
            "children": "Side Nav Link",
            "replace": false,
            "to": "#",
          },
          "ref": null,
          "rendered": "Side Nav Link",
          "type": [Function],
        },
        "type": "li",
      },
      Object {
        "instance": null,
        "key": "0",
        "nodeType": "host",
        "props": Object {
          "children": <Link
            replace={false}
            to="#"
          >
            Side Nav Link
          </Link>,
          "className": "list__item",
        },
        "ref": null,
        "rendered": Object {
          "instance": null,
          "key": undefined,
          "nodeType": "class",
          "props": Object {
            "children": "Side Nav Link",
            "replace": false,
            "to": "#",
          },
          "ref": null,
          "rendered": "Side Nav Link",
          "type": [Function],
        },
        "type": "li",
      },
      Object {
        "instance": null,
        "key": "0",
        "nodeType": "host",
        "props": Object {
          "children": <Link
            replace={false}
            to="#"
          >
            Side Nav Link
          </Link>,
          "className": "list__item",
        },
        "ref": null,
        "rendered": Object {
          "instance": null,
          "key": undefined,
          "nodeType": "class",
          "props": Object {
            "children": "Side Nav Link",
            "replace": false,
            "to": "#",
          },
          "ref": null,
          "rendered": "Side Nav Link",
          "type": [Function],
        },
        "type": "li",
      },
    ],
    "type": "ul",
  },
  Symbol(enzyme.__nodes__): Array [
    Object {
      "instance": null,
      "key": undefined,
      "nodeType": "host",
      "props": Object {
        "children": Array [
          <li
            className="list__item"
          >
            <Link
              replace={false}
              to="#"
            >
              Side Nav Link
            </Link>
          </li>,
          <li
            className="list__item"
          >
            <Link
              replace={false}
              to="#"
            >
              Side Nav Link
            </Link>
          </li>,
          <li
            className="list__item"
          >
            <Link
              replace={false}
              to="#"
            >
              Side Nav Link
            </Link>
          </li>,
        ],
        "className": "test list list--arrows list--hover",
      },
      "ref": null,
      "rendered": Array [
        Object {
          "instance": null,
          "key": "0",
          "nodeType": "host",
          "props": Object {
            "children": <Link
              replace={false}
              to="#"
            >
              Side Nav Link
            </Link>,
            "className": "list__item",
          },
          "ref": null,
          "rendered": Object {
            "instance": null,
            "key": undefined,
            "nodeType": "class",
            "props": Object {
              "children": "Side Nav Link",
              "replace": false,
              "to": "#",
            },
            "ref": null,
            "rendered": "Side Nav Link",
            "type": [Function],
          },
          "type": "li",
        },
        Object {
          "instance": null,
          "key": "0",
          "nodeType": "host",
          "props": Object {
            "children": <Link
              replace={false}
              to="#"
            >
              Side Nav Link
            </Link>,
            "className": "list__item",
          },
          "ref": null,
          "rendered": Object {
            "instance": null,
            "key": undefined,
            "nodeType": "class",
            "props": Object {
              "children": "Side Nav Link",
              "replace": false,
              "to": "#",
            },
            "ref": null,
            "rendered": "Side Nav Link",
            "type": [Function],
          },
          "type": "li",
        },
        Object {
          "instance": null,
          "key": "0",
          "nodeType": "host",
          "props": Object {
            "children": <Link
              replace={false}
              to="#"
            >
              Side Nav Link
            </Link>,
            "className": "list__item",
          },
          "ref": null,
          "rendered": Object {
            "instance": null,
            "key": undefined,
            "nodeType": "class",
            "props": Object {
              "children": "Side Nav Link",
              "replace": false,
              "to": "#",
            },
            "ref": null,
            "rendered": "Side Nav Link",
            "type": [Function],
          },
          "type": "li",
        },
      ],
      "type": "ul",
    },
  ],
  Symbol(enzyme.__options__): Object {
    "adapter": ReactFifteenAdapter {
      "options": Object {
        "supportPrevContextArgumentOfComponentDidUpdate": true,
      },
    },
  },
}
`;
