// Jest Snapshot v1, https://goo.gl/fbAQLP

exports[`MetaChatBubble Renders component correctly 1`] = `
ShallowWrapper {
  "length": 1,
  Symbol(enzyme.__root__): [Circular],
  Symbol(enzyme.__unrendered__): <MetaChatBubble
    className="test"
    receiver={true}
    subText="This will be small"
    text="Hey I'm Matty!\\\\nHow can I help you"
  />,
  Symbol(enzyme.__renderer__): Object {
    "batchedUpdates": [Function],
    "getNode": [Function],
    "render": [Function],
    "simulateEvent": [Function],
    "unmount": [Function],
  },
  Symbol(enzyme.__node__): Object {
    "instance": null,
    "key": undefined,
    "nodeType": "host",
    "props": Object {
      "children": <div
        className="bubble receiver"
      >
        <p>
          Hey I'm Matty!
        </p>
        <p>
          How can I help you
        </p>
      </div>,
      "className": "test bubble-container bubble-container--left",
    },
    "ref": null,
    "rendered": Object {
      "instance": null,
      "key": undefined,
      "nodeType": "host",
      "props": Object {
        "children": Array [
          <p>
            Hey I'm Matty!
          </p>,
          <p>
            How can I help you
          </p>,
        ],
        "className": "bubble receiver",
      },
      "ref": null,
      "rendered": Array [
        Object {
          "instance": null,
          "key": "0",
          "nodeType": "host",
          "props": Object {
            "children": "Hey I'm Matty!",
          },
          "ref": null,
          "rendered": "Hey I'm Matty!",
          "type": "p",
        },
        Object {
          "instance": null,
          "key": "0",
          "nodeType": "host",
          "props": Object {
            "children": "How can I help you",
          },
          "ref": null,
          "rendered": "How can I help you",
          "type": "p",
        },
      ],
      "type": "div",
    },
    "type": "div",
  },
  Symbol(enzyme.__nodes__): Array [
    Object {
      "instance": null,
      "key": undefined,
      "nodeType": "host",
      "props": Object {
        "children": <div
          className="bubble receiver"
        >
          <p>
            Hey I'm Matty!
          </p>
          <p>
            How can I help you
          </p>
        </div>,
        "className": "test bubble-container bubble-container--left",
      },
      "ref": null,
      "rendered": Object {
        "instance": null,
        "key": undefined,
        "nodeType": "host",
        "props": Object {
          "children": Array [
            <p>
              Hey I'm Matty!
            </p>,
            <p>
              How can I help you
            </p>,
          ],
          "className": "bubble receiver",
        },
        "ref": null,
        "rendered": Array [
          Object {
            "instance": null,
            "key": "0",
            "nodeType": "host",
            "props": Object {
              "children": "Hey I'm Matty!",
            },
            "ref": null,
            "rendered": "Hey I'm Matty!",
            "type": "p",
          },
          Object {
            "instance": null,
            "key": "0",
            "nodeType": "host",
            "props": Object {
              "children": "How can I help you",
            },
            "ref": null,
            "rendered": "How can I help you",
            "type": "p",
          },
        ],
        "type": "div",
      },
      "type": "div",
    },
  ],
  Symbol(enzyme.__options__): <MetaChatBubble
    className=""
    receiver={false}
    subText="This will be small too."
    text="Hey I'm sending you this"
  />,
}
`;
