// Jest Snapshot v1, https://goo.gl/fbAQLP

exports[`MetaButtonLink Renders component correctly 1`] = `
ShallowWrapper {
  "length": 1,
  Symbol(enzyme.__root__): [Circular],
  Symbol(enzyme.__unrendered__): <MetaButtonLink
    btnStyle=""
    className=""
    color="default"
    size="sm"
    text="Button"
    to="/docs"
  />,
  Symbol(enzyme.__renderer__): Object {
    "batchedUpdates": [Function],
    "getNode": [Function],
    "render": [Function],
    "simulateEvent": [Function],
    "unmount": [Function],
  },
  Symbol(enzyme.__node__): Object {
    "instance": null,
    "key": undefined,
    "nodeType": "function",
    "props": Object {
      "activeClassName": "active",
      "ariaCurrent": "true",
      "children": "Button",
      "className": "btn btn-default btn-sm",
      "to": "/docs",
    },
    "ref": null,
    "rendered": "Button",
    "type": [Function],
  },
  Symbol(enzyme.__nodes__): Array [
    Object {
      "instance": null,
      "key": undefined,
      "nodeType": "function",
      "props": Object {
        "activeClassName": "active",
        "ariaCurrent": "true",
        "children": "Button",
        "className": "btn btn-default btn-sm",
        "to": "/docs",
      },
      "ref": null,
      "rendered": "Button",
      "type": [Function],
    },
  ],
  Symbol(enzyme.__options__): Object {
    "adapter": ReactFifteenAdapter {
      "options": Object {
        "supportPrevContextArgumentOfComponentDidUpdate": true,
      },
    },
  },
}
`;
