// Jest Snapshot v1, https://goo.gl/fbAQLP

exports[`MetaAccordion Renders component correctly 1`] = `
ShallowWrapper {
  "length": 1,
  Symbol(enzyme.__root__): [Circular],
  Symbol(enzyme.__unrendered__): <MetaAccordion
    bodyItems={
      Array [
        Object {
          "body": "Lorem ipsum dolor sit amet, consectetur adipisicing elit. Adipisci ab eveniet cumque. Laborum, eveniet autem quae hic vitae corporis voluptates odio at culpa repellendus minus! Vitae architecto optio quae. Ad?",
          "heading": "Topic #1",
        },
        Object {
          "body": "Lorem ipsum dolor sit amet, consectetur adipisicing elit. Adipisci ab eveniet cumque. Laborum, eveniet autem quae hic vitae corporis voluptates odio at culpa repellendus minus! Vitae architecto optio quae. Ad?",
          "heading": "Topic #2",
        },
        Object {
          "body": "Lorem ipsum dolor sit amet, consectetur adipisicing elit. Adipisci ab eveniet cumque. Laborum, eveniet autem quae hic vitae corporis voluptates odio at culpa repellendus minus! Vitae architecto optio quae. Ad?",
          "heading": "Topic #3",
        },
      ]
    }
    className=""
  />,
  Symbol(enzyme.__renderer__): Object {
    "batchedUpdates": [Function],
    "getNode": [Function],
    "render": [Function],
    "simulateEvent": [Function],
    "unmount": [Function],
  },
  Symbol(enzyme.__node__): Object {
    "instance": null,
    "key": undefined,
    "nodeType": "host",
    "props": Object {
      "children": Array [
        <div>
          <dt
            className="accordion__header"
          >
            Topic #1
          </dt>
          <dd
            className="accordion__content"
          >
            <p>
              Lorem ipsum dolor sit amet, consectetur adipisicing elit. Adipisci ab eveniet cumque. Laborum, eveniet autem quae hic vitae corporis voluptates odio at culpa repellendus minus! Vitae architecto optio quae. Ad?
            </p>
          </dd>
        </div>,
        <div>
          <dt
            className="accordion__header"
          >
            Topic #2
          </dt>
          <dd
            className="accordion__content"
          >
            <p>
              Lorem ipsum dolor sit amet, consectetur adipisicing elit. Adipisci ab eveniet cumque. Laborum, eveniet autem quae hic vitae corporis voluptates odio at culpa repellendus minus! Vitae architecto optio quae. Ad?
            </p>
          </dd>
        </div>,
        <div>
          <dt
            className="accordion__header"
          >
            Topic #3
          </dt>
          <dd
            className="accordion__content"
          >
            <p>
              Lorem ipsum dolor sit amet, consectetur adipisicing elit. Adipisci ab eveniet cumque. Laborum, eveniet autem quae hic vitae corporis voluptates odio at culpa repellendus minus! Vitae architecto optio quae. Ad?
            </p>
          </dd>
        </div>,
      ],
      "className": "accordion ",
    },
    "ref": null,
    "rendered": Array [
      Object {
        "instance": null,
        "key": "0",
        "nodeType": "host",
        "props": Object {
          "children": Array [
            <dt
              className="accordion__header"
            >
              Topic #1
            </dt>,
            <dd
              className="accordion__content"
            >
              <p>
                Lorem ipsum dolor sit amet, consectetur adipisicing elit. Adipisci ab eveniet cumque. Laborum, eveniet autem quae hic vitae corporis voluptates odio at culpa repellendus minus! Vitae architecto optio quae. Ad?
              </p>
            </dd>,
          ],
        },
        "ref": null,
        "rendered": Array [
          Object {
            "instance": null,
            "key": undefined,
            "nodeType": "host",
            "props": Object {
              "children": "Topic #1",
              "className": "accordion__header",
            },
            "ref": null,
            "rendered": "Topic #1",
            "type": "dt",
          },
          Object {
            "instance": null,
            "key": undefined,
            "nodeType": "host",
            "props": Object {
              "children": <p>
                Lorem ipsum dolor sit amet, consectetur adipisicing elit. Adipisci ab eveniet cumque. Laborum, eveniet autem quae hic vitae corporis voluptates odio at culpa repellendus minus! Vitae architecto optio quae. Ad?
              </p>,
              "className": "accordion__content",
            },
            "ref": null,
            "rendered": Object {
              "instance": null,
              "key": undefined,
              "nodeType": "host",
              "props": Object {
                "children": "Lorem ipsum dolor sit amet, consectetur adipisicing elit. Adipisci ab eveniet cumque. Laborum, eveniet autem quae hic vitae corporis voluptates odio at culpa repellendus minus! Vitae architecto optio quae. Ad?",
              },
              "ref": null,
              "rendered": "Lorem ipsum dolor sit amet, consectetur adipisicing elit. Adipisci ab eveniet cumque. Laborum, eveniet autem quae hic vitae corporis voluptates odio at culpa repellendus minus! Vitae architecto optio quae. Ad?",
              "type": "p",
            },
            "type": "dd",
          },
        ],
        "type": "div",
      },
      Object {
        "instance": null,
        "key": "0",
        "nodeType": "host",
        "props": Object {
          "children": Array [
            <dt
              className="accordion__header"
            >
              Topic #2
            </dt>,
            <dd
              className="accordion__content"
            >
              <p>
                Lorem ipsum dolor sit amet, consectetur adipisicing elit. Adipisci ab eveniet cumque. Laborum, eveniet autem quae hic vitae corporis voluptates odio at culpa repellendus minus! Vitae architecto optio quae. Ad?
              </p>
            </dd>,
          ],
        },
        "ref": null,
        "rendered": Array [
          Object {
            "instance": null,
            "key": undefined,
            "nodeType": "host",
            "props": Object {
              "children": "Topic #2",
              "className": "accordion__header",
            },
            "ref": null,
            "rendered": "Topic #2",
            "type": "dt",
          },
          Object {
            "instance": null,
            "key": undefined,
            "nodeType": "host",
            "props": Object {
              "children": <p>
                Lorem ipsum dolor sit amet, consectetur adipisicing elit. Adipisci ab eveniet cumque. Laborum, eveniet autem quae hic vitae corporis voluptates odio at culpa repellendus minus! Vitae architecto optio quae. Ad?
              </p>,
              "className": "accordion__content",
            },
            "ref": null,
            "rendered": Object {
              "instance": null,
              "key": undefined,
              "nodeType": "host",
              "props": Object {
                "children": "Lorem ipsum dolor sit amet, consectetur adipisicing elit. Adipisci ab eveniet cumque. Laborum, eveniet autem quae hic vitae corporis voluptates odio at culpa repellendus minus! Vitae architecto optio quae. Ad?",
              },
              "ref": null,
              "rendered": "Lorem ipsum dolor sit amet, consectetur adipisicing elit. Adipisci ab eveniet cumque. Laborum, eveniet autem quae hic vitae corporis voluptates odio at culpa repellendus minus! Vitae architecto optio quae. Ad?",
              "type": "p",
            },
            "type": "dd",
          },
        ],
        "type": "div",
      },
      Object {
        "instance": null,
        "key": "0",
        "nodeType": "host",
        "props": Object {
          "children": Array [
            <dt
              className="accordion__header"
            >
              Topic #3
            </dt>,
            <dd
              className="accordion__content"
            >
              <p>
                Lorem ipsum dolor sit amet, consectetur adipisicing elit. Adipisci ab eveniet cumque. Laborum, eveniet autem quae hic vitae corporis voluptates odio at culpa repellendus minus! Vitae architecto optio quae. Ad?
              </p>
            </dd>,
          ],
        },
        "ref": null,
        "rendered": Array [
          Object {
            "instance": null,
            "key": undefined,
            "nodeType": "host",
            "props": Object {
              "children": "Topic #3",
              "className": "accordion__header",
            },
            "ref": null,
            "rendered": "Topic #3",
            "type": "dt",
          },
          Object {
            "instance": null,
            "key": undefined,
            "nodeType": "host",
            "props": Object {
              "children": <p>
                Lorem ipsum dolor sit amet, consectetur adipisicing elit. Adipisci ab eveniet cumque. Laborum, eveniet autem quae hic vitae corporis voluptates odio at culpa repellendus minus! Vitae architecto optio quae. Ad?
              </p>,
              "className": "accordion__content",
            },
            "ref": null,
            "rendered": Object {
              "instance": null,
              "key": undefined,
              "nodeType": "host",
              "props": Object {
                "children": "Lorem ipsum dolor sit amet, consectetur adipisicing elit. Adipisci ab eveniet cumque. Laborum, eveniet autem quae hic vitae corporis voluptates odio at culpa repellendus minus! Vitae architecto optio quae. Ad?",
              },
              "ref": null,
              "rendered": "Lorem ipsum dolor sit amet, consectetur adipisicing elit. Adipisci ab eveniet cumque. Laborum, eveniet autem quae hic vitae corporis voluptates odio at culpa repellendus minus! Vitae architecto optio quae. Ad?",
              "type": "p",
            },
            "type": "dd",
          },
        ],
        "type": "div",
      },
    ],
    "type": "dl",
  },
  Symbol(enzyme.__nodes__): Array [
    Object {
      "instance": null,
      "key": undefined,
      "nodeType": "host",
      "props": Object {
        "children": Array [
          <div>
            <dt
              className="accordion__header"
            >
              Topic #1
            </dt>
            <dd
              className="accordion__content"
            >
              <p>
                Lorem ipsum dolor sit amet, consectetur adipisicing elit. Adipisci ab eveniet cumque. Laborum, eveniet autem quae hic vitae corporis voluptates odio at culpa repellendus minus! Vitae architecto optio quae. Ad?
              </p>
            </dd>
          </div>,
          <div>
            <dt
              className="accordion__header"
            >
              Topic #2
            </dt>
            <dd
              className="accordion__content"
            >
              <p>
                Lorem ipsum dolor sit amet, consectetur adipisicing elit. Adipisci ab eveniet cumque. Laborum, eveniet autem quae hic vitae corporis voluptates odio at culpa repellendus minus! Vitae architecto optio quae. Ad?
              </p>
            </dd>
          </div>,
          <div>
            <dt
              className="accordion__header"
            >
              Topic #3
            </dt>
            <dd
              className="accordion__content"
            >
              <p>
                Lorem ipsum dolor sit amet, consectetur adipisicing elit. Adipisci ab eveniet cumque. Laborum, eveniet autem quae hic vitae corporis voluptates odio at culpa repellendus minus! Vitae architecto optio quae. Ad?
              </p>
            </dd>
          </div>,
        ],
        "className": "accordion ",
      },
      "ref": null,
      "rendered": Array [
        Object {
          "instance": null,
          "key": "0",
          "nodeType": "host",
          "props": Object {
            "children": Array [
              <dt
                className="accordion__header"
              >
                Topic #1
              </dt>,
              <dd
                className="accordion__content"
              >
                <p>
                  Lorem ipsum dolor sit amet, consectetur adipisicing elit. Adipisci ab eveniet cumque. Laborum, eveniet autem quae hic vitae corporis voluptates odio at culpa repellendus minus! Vitae architecto optio quae. Ad?
                </p>
              </dd>,
            ],
          },
          "ref": null,
          "rendered": Array [
            Object {
              "instance": null,
              "key": undefined,
              "nodeType": "host",
              "props": Object {
                "children": "Topic #1",
                "className": "accordion__header",
              },
              "ref": null,
              "rendered": "Topic #1",
              "type": "dt",
            },
            Object {
              "instance": null,
              "key": undefined,
              "nodeType": "host",
              "props": Object {
                "children": <p>
                  Lorem ipsum dolor sit amet, consectetur adipisicing elit. Adipisci ab eveniet cumque. Laborum, eveniet autem quae hic vitae corporis voluptates odio at culpa repellendus minus! Vitae architecto optio quae. Ad?
                </p>,
                "className": "accordion__content",
              },
              "ref": null,
              "rendered": Object {
                "instance": null,
                "key": undefined,
                "nodeType": "host",
                "props": Object {
                  "children": "Lorem ipsum dolor sit amet, consectetur adipisicing elit. Adipisci ab eveniet cumque. Laborum, eveniet autem quae hic vitae corporis voluptates odio at culpa repellendus minus! Vitae architecto optio quae. Ad?",
                },
                "ref": null,
                "rendered": "Lorem ipsum dolor sit amet, consectetur adipisicing elit. Adipisci ab eveniet cumque. Laborum, eveniet autem quae hic vitae corporis voluptates odio at culpa repellendus minus! Vitae architecto optio quae. Ad?",
                "type": "p",
              },
              "type": "dd",
            },
          ],
          "type": "div",
        },
        Object {
          "instance": null,
          "key": "0",
          "nodeType": "host",
          "props": Object {
            "children": Array [
              <dt
                className="accordion__header"
              >
                Topic #2
              </dt>,
              <dd
                className="accordion__content"
              >
                <p>
                  Lorem ipsum dolor sit amet, consectetur adipisicing elit. Adipisci ab eveniet cumque. Laborum, eveniet autem quae hic vitae corporis voluptates odio at culpa repellendus minus! Vitae architecto optio quae. Ad?
                </p>
              </dd>,
            ],
          },
          "ref": null,
          "rendered": Array [
            Object {
              "instance": null,
              "key": undefined,
              "nodeType": "host",
              "props": Object {
                "children": "Topic #2",
                "className": "accordion__header",
              },
              "ref": null,
              "rendered": "Topic #2",
              "type": "dt",
            },
            Object {
              "instance": null,
              "key": undefined,
              "nodeType": "host",
              "props": Object {
                "children": <p>
                  Lorem ipsum dolor sit amet, consectetur adipisicing elit. Adipisci ab eveniet cumque. Laborum, eveniet autem quae hic vitae corporis voluptates odio at culpa repellendus minus! Vitae architecto optio quae. Ad?
                </p>,
                "className": "accordion__content",
              },
              "ref": null,
              "rendered": Object {
                "instance": null,
                "key": undefined,
                "nodeType": "host",
                "props": Object {
                  "children": "Lorem ipsum dolor sit amet, consectetur adipisicing elit. Adipisci ab eveniet cumque. Laborum, eveniet autem quae hic vitae corporis voluptates odio at culpa repellendus minus! Vitae architecto optio quae. Ad?",
                },
                "ref": null,
                "rendered": "Lorem ipsum dolor sit amet, consectetur adipisicing elit. Adipisci ab eveniet cumque. Laborum, eveniet autem quae hic vitae corporis voluptates odio at culpa repellendus minus! Vitae architecto optio quae. Ad?",
                "type": "p",
              },
              "type": "dd",
            },
          ],
          "type": "div",
        },
        Object {
          "instance": null,
          "key": "0",
          "nodeType": "host",
          "props": Object {
            "children": Array [
              <dt
                className="accordion__header"
              >
                Topic #3
              </dt>,
              <dd
                className="accordion__content"
              >
                <p>
                  Lorem ipsum dolor sit amet, consectetur adipisicing elit. Adipisci ab eveniet cumque. Laborum, eveniet autem quae hic vitae corporis voluptates odio at culpa repellendus minus! Vitae architecto optio quae. Ad?
                </p>
              </dd>,
            ],
          },
          "ref": null,
          "rendered": Array [
            Object {
              "instance": null,
              "key": undefined,
              "nodeType": "host",
              "props": Object {
                "children": "Topic #3",
                "className": "accordion__header",
              },
              "ref": null,
              "rendered": "Topic #3",
              "type": "dt",
            },
            Object {
              "instance": null,
              "key": undefined,
              "nodeType": "host",
              "props": Object {
                "children": <p>
                  Lorem ipsum dolor sit amet, consectetur adipisicing elit. Adipisci ab eveniet cumque. Laborum, eveniet autem quae hic vitae corporis voluptates odio at culpa repellendus minus! Vitae architecto optio quae. Ad?
                </p>,
                "className": "accordion__content",
              },
              "ref": null,
              "rendered": Object {
                "instance": null,
                "key": undefined,
                "nodeType": "host",
                "props": Object {
                  "children": "Lorem ipsum dolor sit amet, consectetur adipisicing elit. Adipisci ab eveniet cumque. Laborum, eveniet autem quae hic vitae corporis voluptates odio at culpa repellendus minus! Vitae architecto optio quae. Ad?",
                },
                "ref": null,
                "rendered": "Lorem ipsum dolor sit amet, consectetur adipisicing elit. Adipisci ab eveniet cumque. Laborum, eveniet autem quae hic vitae corporis voluptates odio at culpa repellendus minus! Vitae architecto optio quae. Ad?",
                "type": "p",
              },
              "type": "dd",
            },
          ],
          "type": "div",
        },
      ],
      "type": "dl",
    },
  ],
  Symbol(enzyme.__options__): Object {
    "adapter": ReactFifteenAdapter {
      "options": Object {
        "supportPrevContextArgumentOfComponentDidUpdate": true,
      },
    },
  },
}
`;
