// Jest Snapshot v1, https://goo.gl/fbAQLP

exports[`MetaPrimaryNav Renders component correctly 1`] = `
ShallowWrapper {
  "length": 1,
  Symbol(enzyme.__root__): [Circular],
  Symbol(enzyme.__unrendered__): <MetaPrimaryNav
    menuItems={Array []}
    navColor="cream"
    subBrand={
      Object {
        "title": "CSUN React Components",
        "to": "",
      }
    }
  />,
  Symbol(enzyme.__renderer__): Object {
    "batchedUpdates": [Function],
    "getNode": [Function],
    "render": [Function],
    "simulateEvent": [Function],
    "unmount": [Function],
  },
  Symbol(enzyme.__node__): Object {
    "instance": null,
    "key": undefined,
    "nodeType": "host",
    "props": Object {
      "children": <div
        className="container"
      >
        <div
          className="primary-nav__mobile"
        >
          <div
            className="primary-nav__btn"
          >
            <div
              className="bar"
            />
            <div
              className="bar"
            />
            <div
              className="bar"
            />
          </div>
          <a
            className="primary-nav__brand"
            href="https://www.csun.edu"
          >
            <span
              className="sr-only"
            >
              California State University, Northridge (CSUN)
            </span>
          </a>
          <Link
            className="primary-nav__sub-brand"
            replace={false}
            to=""
          >
            CSUN React Components
          </Link>
        </div>
        <ul
          className="primary-nav__links"
        />
      </div>,
      "className": "primary-nav primary-nav--cream ",
    },
    "ref": null,
    "rendered": Object {
      "instance": null,
      "key": undefined,
      "nodeType": "host",
      "props": Object {
        "children": Array [
          <div
            className="primary-nav__mobile"
          >
            <div
              className="primary-nav__btn"
            >
              <div
                className="bar"
              />
              <div
                className="bar"
              />
              <div
                className="bar"
              />
            </div>
            <a
              className="primary-nav__brand"
              href="https://www.csun.edu"
            >
              <span
                className="sr-only"
              >
                California State University, Northridge (CSUN)
              </span>
            </a>
            <Link
              className="primary-nav__sub-brand"
              replace={false}
              to=""
            >
              CSUN React Components
            </Link>
          </div>,
          <ul
            className="primary-nav__links"
          />,
        ],
        "className": "container",
      },
      "ref": null,
      "rendered": Array [
        Object {
          "instance": null,
          "key": undefined,
          "nodeType": "host",
          "props": Object {
            "children": Array [
              <div
                className="primary-nav__btn"
              >
                <div
                  className="bar"
                />
                <div
                  className="bar"
                />
                <div
                  className="bar"
                />
              </div>,
              <a
                className="primary-nav__brand"
                href="https://www.csun.edu"
              >
                <span
                  className="sr-only"
                >
                  California State University, Northridge (CSUN)
                </span>
              </a>,
              <Link
                className="primary-nav__sub-brand"
                replace={false}
                to=""
              >
                CSUN React Components
              </Link>,
            ],
            "className": "primary-nav__mobile",
          },
          "ref": null,
          "rendered": Array [
            Object {
              "instance": null,
              "key": undefined,
              "nodeType": "host",
              "props": Object {
                "children": Array [
                  <div
                    className="bar"
                  />,
                  <div
                    className="bar"
                  />,
                  <div
                    className="bar"
                  />,
                ],
                "className": "primary-nav__btn",
              },
              "ref": null,
              "rendered": Array [
                Object {
                  "instance": null,
                  "key": undefined,
                  "nodeType": "host",
                  "props": Object {
                    "className": "bar",
                  },
                  "ref": null,
                  "rendered": null,
                  "type": "div",
                },
                Object {
                  "instance": null,
                  "key": undefined,
                  "nodeType": "host",
                  "props": Object {
                    "className": "bar",
                  },
                  "ref": null,
                  "rendered": null,
                  "type": "div",
                },
                Object {
                  "instance": null,
                  "key": undefined,
                  "nodeType": "host",
                  "props": Object {
                    "className": "bar",
                  },
                  "ref": null,
                  "rendered": null,
                  "type": "div",
                },
              ],
              "type": "div",
            },
            Object {
              "instance": null,
              "key": undefined,
              "nodeType": "host",
              "props": Object {
                "children": <span
                  className="sr-only"
                >
                  California State University, Northridge (CSUN)
                </span>,
                "className": "primary-nav__brand",
                "href": "https://www.csun.edu",
              },
              "ref": null,
              "rendered": Object {
                "instance": null,
                "key": undefined,
                "nodeType": "host",
                "props": Object {
                  "children": "California State University, Northridge (CSUN)",
                  "className": "sr-only",
                },
                "ref": null,
                "rendered": "California State University, Northridge (CSUN)",
                "type": "span",
              },
              "type": "a",
            },
            Object {
              "instance": null,
              "key": undefined,
              "nodeType": "class",
              "props": Object {
                "children": "CSUN React Components",
                "className": "primary-nav__sub-brand",
                "replace": false,
                "to": "",
              },
              "ref": null,
              "rendered": "CSUN React Components",
              "type": [Function],
            },
          ],
          "type": "div",
        },
        Object {
          "instance": null,
          "key": undefined,
          "nodeType": "host",
          "props": Object {
            "children": Array [],
            "className": "primary-nav__links",
          },
          "ref": null,
          "rendered": Array [],
          "type": "ul",
        },
      ],
      "type": "div",
    },
    "type": "nav",
  },
  Symbol(enzyme.__nodes__): Array [
    Object {
      "instance": null,
      "key": undefined,
      "nodeType": "host",
      "props": Object {
        "children": <div
          className="container"
        >
          <div
            className="primary-nav__mobile"
          >
            <div
              className="primary-nav__btn"
            >
              <div
                className="bar"
              />
              <div
                className="bar"
              />
              <div
                className="bar"
              />
            </div>
            <a
              className="primary-nav__brand"
              href="https://www.csun.edu"
            >
              <span
                className="sr-only"
              >
                California State University, Northridge (CSUN)
              </span>
            </a>
            <Link
              className="primary-nav__sub-brand"
              replace={false}
              to=""
            >
              CSUN React Components
            </Link>
          </div>
          <ul
            className="primary-nav__links"
          />
        </div>,
        "className": "primary-nav primary-nav--cream ",
      },
      "ref": null,
      "rendered": Object {
        "instance": null,
        "key": undefined,
        "nodeType": "host",
        "props": Object {
          "children": Array [
            <div
              className="primary-nav__mobile"
            >
              <div
                className="primary-nav__btn"
              >
                <div
                  className="bar"
                />
                <div
                  className="bar"
                />
                <div
                  className="bar"
                />
              </div>
              <a
                className="primary-nav__brand"
                href="https://www.csun.edu"
              >
                <span
                  className="sr-only"
                >
                  California State University, Northridge (CSUN)
                </span>
              </a>
              <Link
                className="primary-nav__sub-brand"
                replace={false}
                to=""
              >
                CSUN React Components
              </Link>
            </div>,
            <ul
              className="primary-nav__links"
            />,
          ],
          "className": "container",
        },
        "ref": null,
        "rendered": Array [
          Object {
            "instance": null,
            "key": undefined,
            "nodeType": "host",
            "props": Object {
              "children": Array [
                <div
                  className="primary-nav__btn"
                >
                  <div
                    className="bar"
                  />
                  <div
                    className="bar"
                  />
                  <div
                    className="bar"
                  />
                </div>,
                <a
                  className="primary-nav__brand"
                  href="https://www.csun.edu"
                >
                  <span
                    className="sr-only"
                  >
                    California State University, Northridge (CSUN)
                  </span>
                </a>,
                <Link
                  className="primary-nav__sub-brand"
                  replace={false}
                  to=""
                >
                  CSUN React Components
                </Link>,
              ],
              "className": "primary-nav__mobile",
            },
            "ref": null,
            "rendered": Array [
              Object {
                "instance": null,
                "key": undefined,
                "nodeType": "host",
                "props": Object {
                  "children": Array [
                    <div
                      className="bar"
                    />,
                    <div
                      className="bar"
                    />,
                    <div
                      className="bar"
                    />,
                  ],
                  "className": "primary-nav__btn",
                },
                "ref": null,
                "rendered": Array [
                  Object {
                    "instance": null,
                    "key": undefined,
                    "nodeType": "host",
                    "props": Object {
                      "className": "bar",
                    },
                    "ref": null,
                    "rendered": null,
                    "type": "div",
                  },
                  Object {
                    "instance": null,
                    "key": undefined,
                    "nodeType": "host",
                    "props": Object {
                      "className": "bar",
                    },
                    "ref": null,
                    "rendered": null,
                    "type": "div",
                  },
                  Object {
                    "instance": null,
                    "key": undefined,
                    "nodeType": "host",
                    "props": Object {
                      "className": "bar",
                    },
                    "ref": null,
                    "rendered": null,
                    "type": "div",
                  },
                ],
                "type": "div",
              },
              Object {
                "instance": null,
                "key": undefined,
                "nodeType": "host",
                "props": Object {
                  "children": <span
                    className="sr-only"
                  >
                    California State University, Northridge (CSUN)
                  </span>,
                  "className": "primary-nav__brand",
                  "href": "https://www.csun.edu",
                },
                "ref": null,
                "rendered": Object {
                  "instance": null,
                  "key": undefined,
                  "nodeType": "host",
                  "props": Object {
                    "children": "California State University, Northridge (CSUN)",
                    "className": "sr-only",
                  },
                  "ref": null,
                  "rendered": "California State University, Northridge (CSUN)",
                  "type": "span",
                },
                "type": "a",
              },
              Object {
                "instance": null,
                "key": undefined,
                "nodeType": "class",
                "props": Object {
                  "children": "CSUN React Components",
                  "className": "primary-nav__sub-brand",
                  "replace": false,
                  "to": "",
                },
                "ref": null,
                "rendered": "CSUN React Components",
                "type": [Function],
              },
            ],
            "type": "div",
          },
          Object {
            "instance": null,
            "key": undefined,
            "nodeType": "host",
            "props": Object {
              "children": Array [],
              "className": "primary-nav__links",
            },
            "ref": null,
            "rendered": Array [],
            "type": "ul",
          },
        ],
        "type": "div",
      },
      "type": "nav",
    },
  ],
  Symbol(enzyme.__options__): Object {
    "adapter": ReactFifteenAdapter {
      "options": Object {
        "supportPrevContextArgumentOfComponentDidUpdate": true,
      },
    },
  },
}
`;
