// Jest Snapshot v1, https://goo.gl/fbAQLP

exports[`MetaContainer Renders component correctly 1`] = `
ShallowWrapper {
  "length": 1,
  Symbol(enzyme.__root__): [Circular],
  Symbol(enzyme.__unrendered__): <MetaContainer
    className="containerClass"
    id="containerId"
  >
    <MetaRow
      className=""
    >
      <MetaColumn
        className=""
        sizes={
          Array [
            "sm",
          ]
        }
        values={
          Array [
            "4",
          ]
        }
      >
        1
      </MetaColumn>
    </MetaRow>
  </MetaContainer>,
  Symbol(enzyme.__renderer__): Object {
    "batchedUpdates": [Function],
    "getNode": [Function],
    "render": [Function],
    "simulateEvent": [Function],
    "unmount": [Function],
  },
  Symbol(enzyme.__node__): Object {
    "instance": null,
    "key": undefined,
    "nodeType": "host",
    "props": Object {
      "children": <MetaRow
        className=""
      >
        <MetaColumn
          className=""
          sizes={
            Array [
              "sm",
            ]
          }
          values={
            Array [
              "4",
            ]
          }
        >
          1
        </MetaColumn>
      </MetaRow>,
      "className": "containerClass container",
      "id": "containerId",
    },
    "ref": null,
    "rendered": Object {
      "instance": null,
      "key": undefined,
      "nodeType": "function",
      "props": Object {
        "children": <MetaColumn
          className=""
          sizes={
            Array [
              "sm",
            ]
          }
          values={
            Array [
              "4",
            ]
          }
        >
          1
        </MetaColumn>,
        "className": "",
      },
      "ref": null,
      "rendered": Object {
        "instance": null,
        "key": undefined,
        "nodeType": "function",
        "props": Object {
          "children": "1",
          "className": "",
          "sizes": Array [
            "sm",
          ],
          "values": Array [
            "4",
          ],
        },
        "ref": null,
        "rendered": "1",
        "type": [Function],
      },
      "type": [Function],
    },
    "type": "div",
  },
  Symbol(enzyme.__nodes__): Array [
    Object {
      "instance": null,
      "key": undefined,
      "nodeType": "host",
      "props": Object {
        "children": <MetaRow
          className=""
        >
          <MetaColumn
            className=""
            sizes={
              Array [
                "sm",
              ]
            }
            values={
              Array [
                "4",
              ]
            }
          >
            1
          </MetaColumn>
        </MetaRow>,
        "className": "containerClass container",
        "id": "containerId",
      },
      "ref": null,
      "rendered": Object {
        "instance": null,
        "key": undefined,
        "nodeType": "function",
        "props": Object {
          "children": <MetaColumn
            className=""
            sizes={
              Array [
                "sm",
              ]
            }
            values={
              Array [
                "4",
              ]
            }
          >
            1
          </MetaColumn>,
          "className": "",
        },
        "ref": null,
        "rendered": Object {
          "instance": null,
          "key": undefined,
          "nodeType": "function",
          "props": Object {
            "children": "1",
            "className": "",
            "sizes": Array [
              "sm",
            ],
            "values": Array [
              "4",
            ],
          },
          "ref": null,
          "rendered": "1",
          "type": [Function],
        },
        "type": [Function],
      },
      "type": "div",
    },
  ],
  Symbol(enzyme.__options__): Object {
    "adapter": ReactFifteenAdapter {
      "options": Object {
        "supportPrevContextArgumentOfComponentDidUpdate": true,
      },
    },
  },
}
`;
