// Jest Snapshot v1, https://goo.gl/fbAQLP

exports[`MetaTag Renders component correctly 1`] = `
ShallowWrapper {
  "length": 1,
  Symbol(enzyme.__root__): [Circular],
  Symbol(enzyme.__unrendered__): <MetaTag
    action="close"
    className=""
    color="warning"
    text="Warning"
    to="#"
  />,
  Symbol(enzyme.__renderer__): Object {
    "batchedUpdates": [Function],
    "getNode": [Function],
    "render": [Function],
    "simulateEvent": [Function],
    "unmount": [Function],
  },
  Symbol(enzyme.__node__): Object {
    "instance": null,
    "key": undefined,
    "nodeType": "class",
    "props": Object {
      "children": "Warning",
      "className": " tag tag--warning tag--close",
      "replace": false,
      "to": "#",
    },
    "ref": null,
    "rendered": "Warning",
    "type": [Function],
  },
  Symbol(enzyme.__nodes__): Array [
    Object {
      "instance": null,
      "key": undefined,
      "nodeType": "class",
      "props": Object {
        "children": "Warning",
        "className": " tag tag--warning tag--close",
        "replace": false,
        "to": "#",
      },
      "ref": null,
      "rendered": "Warning",
      "type": [Function],
    },
  ],
  Symbol(enzyme.__options__): Object {
    "adapter": ReactFifteenAdapter {
      "options": Object {
        "supportPrevContextArgumentOfComponentDidUpdate": true,
      },
    },
  },
}
`;
